\BOOKMARK [1][-]{appendix.A}{\376\377\000O\000W\000L\000\040\0002\000\040\000D\000L\000\040\000A\000x\000i\000o\000m\000a\000t\000i\000z\000a\000t\000i\000o\000n\000\040\000o\000f\000\040\000A\000D\000L\000\040\000L\000i\000t\000e\000\040\000C\000o\000r\000e\000\040\000C\000a\000t\000e\000g\000o\000r\000i\000e\000s}{}% 1
\BOOKMARK [2][-]{subsection.A.1}{\376\377\000C\000o\000r\000e\000\040\000C\000a\000t\000e\000g\000o\000r\000y\000\040\000A\000x\000i\000o\000m\000s}{appendix.A}% 2
\BOOKMARK [2][-]{subsection.A.2}{\376\377\000L\0003\000\040\000R\000e\000l\000a\000t\000i\000o\000n\000\040\000P\000r\000e\000d\000i\000c\000a\000t\000e\000s\000\040\000\050\000O\000b\000j\000e\000c\000t\000\040\000P\000r\000o\000p\000e\000r\000t\000i\000e\000s\000\051}{appendix.A}% 3
\BOOKMARK [2][-]{subsection.A.3}{\376\377\000O\000n\000t\000o\000l\000o\000g\000i\000c\000a\000l\000\040\000D\000e\000p\000e\000n\000d\000e\000n\000c\000e\000\040\000A\000x\000i\000o\000m\000s}{appendix.A}% 4
\BOOKMARK [2][-]{subsection.A.4}{\376\377\000L\000i\000f\000e\000c\000y\000c\000l\000e\000\040\000a\000n\000d\000\040\000D\000a\000t\000a\000\040\000P\000r\000o\000p\000e\000r\000t\000i\000e\000s}{appendix.A}% 5
\BOOKMARK [2][-]{subsection.A.5}{\376\377\000S\000t\000a\000t\000u\000s\000-\000T\000r\000a\000n\000s\000i\000t\000i\000o\000n\000\040\000C\000o\000n\000s\000t\000r\000a\000i\000n\000t\000s\000\040\000\050\000O\000u\000t\000s\000i\000d\000e\000\040\000O\000W\000L\000\040\0002\000\040\000D\000L\000\040\000E\000x\000p\000r\000e\000s\000s\000i\000v\000i\000t\000y\000\051}{appendix.A}% 6
\BOOKMARK [2][-]{subsection.A.6}{\376\377\000V\000a\000l\000i\000d\000a\000t\000i\000o\000n\000\040\000R\000e\000p\000o\000r\000t}{appendix.A}% 7
\BOOKMARK [1][-]{appendix.B}{\376\377\000S\000H\000A\000C\000L\000\040\000S\000h\000a\000p\000e\000s\000\040\000f\000o\000r\000\040\000L\0003\000\040\000R\000e\000l\000a\000t\000i\000o\000n\000\040\000a\000n\000d\000\040\000L\0004\000\040\000A\000c\000t\000i\000o\000n\000\040\000V\000a\000l\000i\000d\000a\000t\000i\000o\000n}{}% 8
\BOOKMARK [2][-]{subsection.B.1}{\376\377\000S\000h\000a\000p\000e\000\040\000D\000e\000f\000i\000n\000i\000t\000i\000o\000n\000s\000\040\000\050\000T\000u\000r\000t\000l\000e\000\040\000S\000y\000n\000t\000a\000x\000\051}{appendix.B}% 9
\BOOKMARK [2][-]{subsection.B.2}{\376\377\000V\000a\000l\000i\000d\000a\000t\000i\000o\000n\000\040\000R\000e\000p\000o\000r\000t}{appendix.B}% 10
\BOOKMARK [1][-]{appendix.C}{\376\377\000A\000d\000v\000e\000r\000s\000a\000r\000i\000a\000l\000\040\000I\000n\000t\000e\000g\000r\000i\000t\000y\000\040\000T\000e\000s\000t\000\040\000S\000u\000i\000t\000e}{}% 11
\BOOKMARK [2][-]{subsection.C.1}{\376\377\000A\000d\000v\000e\000r\000s\000a\000r\000i\000a\000l\000\040\000I\000n\000t\000e\000g\000r\000i\000t\000y\000\040\000T\000r\000i\000a\000l\000s\000\040\000\050\000E\0004\000e\040\023\000e\000x\000t\000e\000n\000d\000e\000d\000\051}{appendix.C}% 12
\BOOKMARK [2][-]{subsection.C.2}{\376\377\000B\000o\000u\000n\000d\000a\000r\000y\000\040\000V\000e\000r\000i\000f\000i\000c\000a\000t\000i\000o\000n\000:\000\040\000A\000t\000t\000a\000c\000k\000s\000\040\000B\000e\000y\000o\000n\000d\000\040\000P\000h\000a\000s\000e\000\040\0001\000\040\000D\000e\000t\000e\000c\000t\000i\000o\000n\000\040\000\050\000E\0004\000e\000-\000b\000\051}{appendix.C}% 13
\BOOKMARK [2][-]{subsection.C.3}{\376\377\000B\000o\000u\000n\000d\000a\000r\000y\000\040\000C\000o\000n\000d\000i\000t\000i\000o\000n\000s\000\040\000a\000n\000d\000\040\000N\000e\000g\000a\000t\000i\000v\000e\000\040\000R\000e\000s\000u\000l\000t\000s\000\040\000\050\000E\0001\0003\040\023\000E\0001\0006\000\051}{appendix.C}% 14
\BOOKMARK [3][-]{subsubsection.C.3.1}{\376\377\000L\000o\000n\000g\000-\000C\000h\000a\000i\000n\000\040\000I\000n\000t\000e\000g\000r\000i\000t\000y\000\040\000S\000t\000r\000e\000s\000s\000\040\000\050\000E\0001\0003\000\051}{subsection.C.3}% 15
\BOOKMARK [3][-]{subsubsection.C.3.2}{\376\377\000C\000o\000l\000l\000u\000d\000i\000n\000g\000-\000V\000a\000l\000i\000d\000a\000t\000o\000r\000\040\000A\000t\000t\000a\000c\000k\000\040\000\050\000E\0001\0004\000\051}{subsection.C.3}% 16
\BOOKMARK [3][-]{subsubsection.C.3.3}{\376\377\000P\000r\000e\000c\000o\000n\000d\000i\000t\000i\000o\000n\000\040\000B\000o\000u\000n\000d\000a\000r\000y\000\040\000S\000t\000r\000e\000s\000s\000\040\000\050\000E\0001\0005\000\051}{subsection.C.3}% 17
\BOOKMARK [3][-]{subsubsection.C.3.4}{\376\377\000M\000u\000l\000t\000i\000-\000A\000g\000e\000n\000t\000\040\000C\000o\000n\000t\000e\000n\000t\000i\000o\000n\000\040\000S\000i\000m\000u\000l\000a\000t\000i\000o\000n\000\040\000\050\000E\0001\0006\000\051}{subsection.C.3}% 18
\BOOKMARK [1][-]{appendix.D}{\376\377\000F\000u\000l\000l\000\040\000R\000e\000p\000r\000o\000d\000u\000c\000i\000b\000i\000l\000i\000t\000y\000\040\000P\000r\000o\000t\000o\000c\000o\000l}{}% 19
\BOOKMARK [2][-]{subsection.D.1}{\376\377\000A\000r\000t\000i\000f\000a\000c\000t\000\040\000A\000v\000a\000i\000l\000a\000b\000i\000l\000i\000t\000y}{appendix.D}% 20
\BOOKMARK [2][-]{subsection.D.2}{\376\377\000R\000e\000p\000r\000o\000d\000u\000c\000i\000b\000i\000l\000i\000t\000y\000\040\000P\000r\000o\000t\000o\000c\000o\000l}{appendix.D}% 21
\BOOKMARK [2][-]{subsection.D.3}{\376\377\000E\0006\000:\000\040\000S\000c\000a\000l\000a\000b\000i\000l\000i\000t\000y\000\040\000o\000n\000\040\000R\000e\000a\000l\000-\000W\000o\000r\000l\000d\000\040\000D\000a\000t\000a\000\040\000\050\000F\000u\000l\000l\000\040\000D\000e\000t\000a\000i\000l\000s\000\051}{appendix.D}% 22
\BOOKMARK [2][-]{subsection.D.4}{\376\377\000R\000e\000p\000r\000o\000d\000u\000c\000t\000i\000o\000n\000\040\000S\000c\000r\000i\000p\000t}{appendix.D}% 23
\BOOKMARK [1][-]{appendix.E}{\376\377\000C\000o\000m\000p\000l\000e\000t\000e\000\040\000P\000r\000o\000o\000f\000\040\000S\000k\000e\000t\000c\000h\000e\000s\000\040\000f\000o\000r\000\040\000F\000o\000r\000m\000a\000l\000\040\000T\000h\000e\000o\000r\000e\000m\000s}{}% 24
\BOOKMARK [2][-]{subsection.E.1}{\376\377\000E\000v\000e\000n\000t\000\040\000A\000l\000p\000h\000a\000b\000e\000t\000\040\000a\000n\000d\000\040\000W\000e\000l\000l\000-\000F\000o\000r\000m\000e\000d\000n\000e\000s\000s}{appendix.E}% 25
\BOOKMARK [2][-]{subsection.E.2}{\376\377\000S\000t\000a\000t\000u\000s\000\040\000D\000e\000r\000i\000v\000a\000t\000i\000o\000n\000\040}{appendix.E}% 26
\BOOKMARK [2][-]{subsection.E.3}{\376\377\000C\000o\000n\000f\000i\000d\000e\000n\000c\000e\000\040\000A\000g\000g\000r\000e\000g\000a\000t\000i\000o\000n\000\040\000a\000g\000g}{appendix.E}% 27
\BOOKMARK [2][-]{subsection.E.4}{\376\377\000F\000o\000r\000k\000\040\000a\000n\000d\000\040\000C\000o\000n\000f\000l\000u\000e\000n\000c\000e\000\040\000S\000e\000m\000a\000n\000t\000i\000c\000s}{appendix.E}% 28
\BOOKMARK [2][-]{subsection.E.5}{\376\377\000C\000o\000r\000e\000\040\000T\000h\000e\000o\000r\000e\000m\000\040\000P\000r\000o\000o\000f\000s}{appendix.E}% 29
\BOOKMARK [2][-]{subsection.E.6}{\376\377\000C\000R\000D\000T\000\040\000C\000o\000n\000v\000e\000r\000g\000e\000n\000c\000e}{appendix.E}% 30
\BOOKMARK [2][-]{subsection.E.7}{\376\377\000C\000o\000n\000f\000i\000d\000e\000n\000c\000e\000\040\000a\000s\000\040\000S\000t\000a\000t\000e\000-\000B\000a\000s\000e\000d\000\040\000G\000-\000C\000o\000u\000n\000t\000e\000r\000\040\000C\000R\000D\000T\000\040\000\050\000T\0001\0000\000\051}{appendix.E}% 31
\BOOKMARK [2][-]{subsection.E.8}{\376\377\000I\000n\000d\000e\000p\000e\000n\000d\000e\000n\000c\000e\000\040\000o\000f\000\040\000O\000r\000d\000e\000r\000i\000n\000g\000\040\000\050\000T\0001\0001\000\051}{appendix.E}% 32
\BOOKMARK [2][-]{subsection.E.9}{\376\377\000M\000a\000c\000h\000i\000n\000e\000-\000C\000h\000e\000c\000k\000i\000n\000g\000\040\000S\000c\000o\000p\000e}{appendix.E}% 33
\BOOKMARK [1][-]{appendix.F}{\376\377\000C\000o\000m\000p\000a\000r\000i\000s\000o\000n\000\040\000T\000a\000b\000l\000e\000s\000\040\000R\000e\000m\000o\000v\000e\000d\000\040\000f\000r\000o\000m\000\040\000S\000e\000c\000t\000i\000o\000n\000\040\0002\000\040\000a\000n\000d\000\040\000S\000e\000c\000t\000i\000o\000n\000\040\0005}{}% 34
\BOOKMARK [2][-]{subsection.F.1}{\376\377\000G\000o\000v\000e\000r\000n\000a\000n\000c\000e\000\040\000T\000a\000s\000k\000\040\000S\000u\000i\000t\000e}{appendix.F}% 35
\BOOKMARK [2][-]{subsection.F.2}{\376\377\000C\000o\000m\000p\000a\000r\000i\000s\000o\000n\000\040\000R\000e\000s\000u\000l\000t\000s}{appendix.F}% 36
\BOOKMARK [1][-]{appendix.G}{\376\377\000C\000o\000m\000p\000l\000e\000t\000e\000\040\000B\000N\000F\000\040\000G\000r\000a\000m\000m\000a\000r\000\040\000a\000n\000d\000\040\000I\000n\000f\000e\000r\000e\000n\000c\000e\000\040\000R\000u\000l\000e\000s}{}% 37
\BOOKMARK [2][-]{subsection.G.1}{\376\377\000O\000n\000t\000o\000l\000o\000g\000y\000-\000t\000o\000-\000S\000c\000h\000e\000m\000a\000\040\000M\000a\000p\000p\000i\000n\000g}{appendix.G}% 38
\BOOKMARK [2][-]{subsection.G.2}{\376\377\000L\0003\000\040\000R\000e\000l\000a\000t\000i\000o\000n\000\040\000L\000i\000f\000e\000c\000y\000c\000l\000e\000\040\000O\000p\000e\000r\000a\000t\000i\000o\000n\000s}{appendix.G}% 39
\BOOKMARK [2][-]{subsection.G.3}{\376\377\000C\000o\000n\000c\000r\000e\000t\000e\000\040\000V\000A\000L\000I\000D\000A\000T\000E\000\040\000E\000v\000e\000n\000t\000\040\000E\000n\000c\000o\000d\000i\000n\000g}{appendix.G}% 40
\BOOKMARK [2][-]{subsection.G.4}{\376\377\000P\000r\000e\000c\000o\000n\000d\000i\000t\000i\000o\000n\000\040\000L\000a\000n\000g\000u\000a\000g\000e\000\040\000B\000N\000F}{appendix.G}% 41
\BOOKMARK [2][-]{subsection.G.5}{\376\377\000O\000p\000e\000r\000a\000t\000i\000o\000n\000a\000l\000\040\000S\000e\000m\000a\000n\000t\000i\000c\000s\000\040\000I\000n\000f\000e\000r\000e\000n\000c\000e\000\040\000R\000u\000l\000e\000s}{appendix.G}% 42
\BOOKMARK [1][-]{appendix.H}{\376\377\000S\000a\000t\000i\000s\000f\000i\000a\000b\000i\000l\000i\000t\000y\000\040\000a\000n\000d\000\040\000C\000o\000m\000p\000l\000e\000x\000i\000t\000y\000\040\000A\000n\000a\000l\000y\000s\000i\000s}{}% 43
\BOOKMARK [2][-]{subsection.H.1}{\376\377\000C\000o\000m\000p\000l\000e\000x\000i\000t\000y\000\040\000C\000l\000a\000s\000s\000\040\000M\000e\000m\000b\000e\000r\000s\000h\000i\000p}{appendix.H}% 44
\BOOKMARK [2][-]{subsection.H.2}{\376\377\000C\000o\000m\000p\000a\000r\000i\000s\000o\000n\000\040\000w\000i\000t\000h\000\040\000F\000o\000r\000m\000a\000l\000\040\000E\000v\000e\000n\000t\000\040\000F\000r\000a\000m\000e\000w\000o\000r\000k\000s}{appendix.H}% 45
\BOOKMARK [3][-]{subsubsection.H.2.1}{\376\377\000E\000v\000e\000n\000t\000\040\000C\000a\000l\000c\000u\000l\000u\000s}{subsection.H.2}% 46
\BOOKMARK [3][-]{subsubsection.H.2.2}{\376\377\000S\000i\000t\000u\000a\000t\000i\000o\000n\000\040\000C\000a\000l\000c\000u\000l\000u\000s}{subsection.H.2}% 47
\BOOKMARK [3][-]{subsubsection.H.2.3}{\376\377\000D\000e\000s\000c\000r\000i\000p\000t\000i\000o\000n\000\040\000L\000o\000g\000i\000c\000\040\000E\000x\000p\000r\000e\000s\000s\000i\000v\000i\000t\000y}{subsection.H.2}% 48
\BOOKMARK [1][-]{appendix.I}{\376\377\000T\000L\000A\000+\000\040\000S\000p\000e\000c\000i\000f\000i\000c\000a\000t\000i\000o\000n\000\040\000o\000f\000\040\000E\000v\000e\000n\000t\000C\000h\000a\000i\000n\000\040\000S\000t\000a\000t\000e\000\040\000M\000a\000c\000h\000i\000n\000e}{}% 49
\BOOKMARK [1][-]{appendix.J}{\376\377\000S\000t\000a\000n\000d\000a\000r\000d\000s\000\040\000M\000a\000p\000p\000i\000n\000g\000\040\000a\000n\000d\000\040\000L\000o\000s\000s\000\040\000A\000n\000a\000l\000y\000s\000i\000s}{}% 50
\BOOKMARK [2][-]{subsection.J.1}{\376\377\000P\000R\000O\000V\000-\000O\000\040\000B\000i\000d\000i\000r\000e\000c\000t\000i\000o\000n\000a\000l\000\040\000M\000a\000p\000p\000i\000n\000g}{appendix.J}% 51
\BOOKMARK [2][-]{subsection.J.2}{\376\377\000S\000H\000A\000C\000L\000\040\000S\000h\000a\000p\000e\000\040\000C\000o\000v\000e\000r\000a\000g\000e\000\040\000f\000o\000r\000\040\000L\0003\000\040\000a\000n\000d\000\040\000L\0004\000\040\000C\000o\000n\000s\000t\000r\000a\000i\000n\000t\000s}{appendix.J}% 52
\BOOKMARK [2][-]{subsection.J.3}{\376\377\000Q\000u\000a\000n\000t\000i\000t\000a\000t\000i\000v\000e\000\040\000P\000r\000e\000s\000e\000r\000v\000a\000t\000i\000o\000n\000\040\000M\000e\000t\000r\000i\000c\000s}{appendix.J}% 53
\BOOKMARK [2][-]{subsection.J.4}{\376\377\000A\000s\000y\000m\000m\000e\000t\000r\000i\000c\000\040\000B\000r\000i\000d\000g\000e\000\040\000D\000i\000s\000c\000u\000s\000s\000i\000o\000n}{appendix.J}% 54
\BOOKMARK [2][-]{subsection.J.5}{\376\377\000P\000R\000O\000V\000-\000O\000\040\000P\000r\000o\000f\000i\000l\000e\000:\000\040\000C\000o\000m\000p\000l\000e\000t\000e\000\040\000T\000u\000r\000t\000l\000e\000\040\000S\000e\000r\000i\000a\000l\000i\000s\000a\000t\000i\000o\000n}{appendix.J}% 55
\BOOKMARK [1][-]{appendix.K}{\376\377\000F\000u\000l\000l\000\040\000T\000h\000r\000e\000a\000t\000\040\000M\000o\000d\000e\000l\000\040\000T\000a\000b\000l\000e}{}% 56
\BOOKMARK [2][-]{subsection.K.1}{\376\377\000T\000r\000u\000s\000t\000\040\000A\000s\000s\000u\000m\000p\000t\000i\000o\000n\000s}{appendix.K}% 57
\BOOKMARK [2][-]{subsection.K.2}{\376\377\000A\000c\000t\000o\000r\000\040\000I\000d\000e\000n\000t\000i\000t\000y\000\040\000M\000a\000n\000a\000g\000e\000m\000e\000n\000t\000\040\000i\000n\000\040\000P\000h\000a\000s\000e\000\040\0001}{appendix.K}% 58
\BOOKMARK [2][-]{subsection.K.3}{\376\377\000I\000d\000e\000n\000t\000i\000t\000y\000\040\000A\000t\000t\000a\000c\000k\000\040\000T\000r\000e\000e}{appendix.K}% 59
\BOOKMARK [2][-]{subsection.K.4}{\376\377\000P\000h\000a\000s\000e\000\040\0001\000.\0005\000:\000\040\000N\000e\000a\000r\000-\000T\000e\000r\000m\000\040\000A\000u\000t\000h\000e\000n\000t\000i\000c\000a\000t\000i\000o\000n\000\040\000B\000r\000i\000d\000g\000e}{appendix.K}% 60
\BOOKMARK [2][-]{subsection.K.5}{\376\377\000C\000o\000l\000l\000u\000s\000i\000o\000n\000\040\000V\000u\000l\000n\000e\000r\000a\000b\000i\000l\000i\000t\000y\000\040\000A\000n\000a\000l\000y\000s\000i\000s}{appendix.K}% 61
\BOOKMARK [2][-]{subsection.K.6}{\376\377\000K\000n\000o\000w\000n\000\040\000L\000i\000m\000i\000t\000a\000t\000i\000o\000n\000s\000\040\000a\000n\000d\000\040\000P\000l\000a\000n\000n\000e\000d\000\040\000M\000i\000t\000i\000g\000a\000t\000i\000o\000n\000s}{appendix.K}% 62
\BOOKMARK [2][-]{subsection.K.7}{\376\377\000T\000h\000r\000e\000a\000t\000\040\000M\000o\000d\000e\000l\000\040\000S\000u\000m\000m\000a\000r\000y}{appendix.K}% 63
\BOOKMARK [2][-]{subsection.K.8}{\376\377\000F\000a\000u\000l\000t\000\040\000D\000e\000t\000e\000c\000t\000i\000o\000n\000\040\000a\000n\000d\000\040\000R\000e\000c\000o\000v\000e\000r\000y}{appendix.K}% 64
\BOOKMARK [1][-]{appendix.L}{\376\377\000E\0001\0009\000\040\000G\000o\000v\000e\000r\000n\000a\000n\000c\000e\000\040\000C\000o\000s\000t\000\040\000M\000e\000t\000h\000o\000d\000o\000l\000o\000g\000y}{}% 65
\BOOKMARK [2][-]{subsection.L.1}{\376\377\000T\000a\000s\000k\000\040\000D\000e\000f\000i\000n\000i\000t\000i\000o\000n\000s}{appendix.L}% 66
\BOOKMARK [2][-]{subsection.L.2}{\376\377\000B\000a\000s\000e\000l\000i\000n\000e\000\040\000S\000y\000s\000t\000e\000m\000s}{appendix.L}% 67
\BOOKMARK [2][-]{subsection.L.3}{\376\377\000M\000e\000a\000s\000u\000r\000e\000m\000e\000n\000t\000\040\000P\000r\000o\000t\000o\000c\000o\000l}{appendix.L}% 68
\BOOKMARK [2][-]{subsection.L.4}{\376\377\000P\000e\000r\000-\000T\000a\000s\000k\000\040\000B\000r\000e\000a\000k\000d\000o\000w\000n}{appendix.L}% 69
\BOOKMARK [2][-]{subsection.L.5}{\376\377\000S\000c\000a\000l\000e\000\040\000B\000e\000n\000c\000h\000m\000a\000r\000k\000:\000\040\0001\0000\0006\000\040\000F\000e\000a\000s\000i\000b\000i\000l\000i\000t\000y}{appendix.L}% 70
\BOOKMARK [1][-]{appendix.M}{\376\377\000C\000o\000m\000p\000r\000e\000s\000s\000i\000o\000n\000\040\000T\000r\000a\000c\000k\000i\000n\000g\000\040\000L\000o\000g}{}% 71
